---
source: src/apps/tui/app.rs
expression: "rows.join(\"\\n\")"
---
┌───┬──────────────────────────────────────────────────────────────────────────┐
│ 1 │ ▎ 3 target [prepare | build]                                      Shell  │
│ 2 │ ▎ :                                                                      │
│ 3 │                                                                          │
│   │                                                                          │
│   │                                                                          │
│   │                                                                          │
│   │                                                                          │
│   │                                                                          │
│   │                                                                          │
│   │                                                                          │
│   │                                                                          │
│   │                                                                          │
│   │                                                                          │
│   │                                                                          │
│   │                                                                          │
│   │                                                                          │
│   │                                                                          │
│   ├──────────────────────────────────────────────────────────────────────────┤
│   │ · prepare ──┬─→ · target                                                 │
│   │             │                                                            │
│   │ · build   ──┘                                                            │
└───┴──────────────────────────────────────────────────────────────────────────┘
 NORMAL  ↑↓ move  ↵ run  / search  ctrl-g goto  f files  t theme  z  upmd 0.1.1
